.
├── README.md
├── src/
│   └── some_package/
│       ├── __init__.py
│       ├── bar.py
│       └── foo/
│           └── __init__.py
├── test/
│   └── some_package/
│       ├── __init__.py
│       ├── bar.py
│       └── foo/
│           └── __init__.py
└── test-cases/
    └── test-case
