.item {
}

.menu {
}

.nav {
}

.preview {
}

.selected {
}

.width-800 {
}
