<div#container>
  <div.nav>
    <ul.menu>
      <li.item>
      <li.item>
  <div#content.width-800.selected>
    text with space after #
    \ text with space before
