.button {
}

.button__hint {
}

.button_text_small {
}

.red-text {
}

.search-form {
}

.search-form__help {
}

.search-form__help_hidden_t {
}

.search-form__query {
}

.search-form__submit {
}

