formc_ ("search-form" <> theme) $ do
  inputc_ "search-form__query" $ do
    divc_ "search-form__help search-form__help_hidden_t" $ pure ()
  spanc_ "button button_text_small search-form__submit-button search-form__submit-button_disabled_t" $ do
    divc_ "button__hint" $ pure ()
